Duplicated file found; will not be sent for synthesis: /home/andresitocc99/Documentos/Vivado/hyperspectral/hyperspectral.gen/sources_1/bd/design_1/ipshared/f0b6/hdl/verilog/sc_util_v1_0_4_constants.vh
Duplicated file found; will not be sent for synthesis: /home/andresitocc99/Documentos/Vivado/hyperspectral/hyperspectral.gen/sources_1/bd/design_1/ipshared/f0b6/hdl/verilog/sc_util_v1_0_4_constants_noc.vh
Duplicated file found; will not be sent for synthesis: /home/andresitocc99/Documentos/Vivado/hyperspectral/hyperspectral.gen/sources_1/bd/design_1/ipshared/f0b6/hdl/verilog/sc_util_v1_0_4_structs.svh
Duplicated file found; will not be sent for synthesis: /home/andresitocc99/Documentos/Vivado/hyperspectral/hyperspectral.gen/sources_1/bd/design_1/ipshared/f0b6/hdl/sc_util_v1_0_vl_rfs.sv
Duplicated file found; will not be sent for synthesis: /home/andresitocc99/Documentos/Vivado/hyperspectral/hyperspectral.gen/sources_1/bd/design_1/ipshared/c012/hdl/sc_switchboard_v1_0_vl_rfs.sv
Duplicated file found; will not be sent for synthesis: /home/andresitocc99/Documentos/Vivado/hyperspectral/hyperspectral.gen/sources_1/bd/design_1/ipshared/f0b6/hdl/verilog/sc_util_v1_0_4_constants.vh
Duplicated file found; will not be sent for synthesis: /home/andresitocc99/Documentos/Vivado/hyperspectral/hyperspectral.gen/sources_1/bd/design_1/ipshared/f0b6/hdl/verilog/sc_util_v1_0_4_constants_noc.vh
Duplicated file found; will not be sent for synthesis: /home/andresitocc99/Documentos/Vivado/hyperspectral/hyperspectral.gen/sources_1/bd/design_1/ipshared/f0b6/hdl/verilog/sc_util_v1_0_4_structs.svh
Duplicated file found; will not be sent for synthesis: /home/andresitocc99/Documentos/Vivado/hyperspectral/hyperspectral.gen/sources_1/bd/design_1/ipshared/f0b6/hdl/sc_util_v1_0_vl_rfs.sv
Duplicated file found; will not be sent for synthesis: /home/andresitocc99/Documentos/Vivado/hyperspectral/hyperspectral.gen/sources_1/bd/design_1/ipshared/c012/hdl/sc_switchboard_v1_0_vl_rfs.sv
Duplicated file found; will not be sent for synthesis: /home/andresitocc99/Documentos/Vivado/hyperspectral/hyperspectral.gen/sources_1/bd/design_1/ipshared/f0b6/hdl/verilog/sc_util_v1_0_4_constants.vh
Duplicated file found; will not be sent for synthesis: /home/andresitocc99/Documentos/Vivado/hyperspectral/hyperspectral.gen/sources_1/bd/design_1/ipshared/f0b6/hdl/verilog/sc_util_v1_0_4_constants_noc.vh
Duplicated file found; will not be sent for synthesis: /home/andresitocc99/Documentos/Vivado/hyperspectral/hyperspectral.gen/sources_1/bd/design_1/ipshared/f0b6/hdl/verilog/sc_util_v1_0_4_structs.svh
Duplicated file found; will not be sent for synthesis: /home/andresitocc99/Documentos/Vivado/hyperspectral/hyperspectral.gen/sources_1/bd/design_1/ipshared/f0b6/hdl/sc_util_v1_0_vl_rfs.sv
Duplicated file found; will not be sent for synthesis: /home/andresitocc99/Documentos/Vivado/hyperspectral/hyperspectral.gen/sources_1/bd/design_1/ipshared/c012/hdl/sc_switchboard_v1_0_vl_rfs.sv
Duplicated file found; will not be sent for synthesis: /home/andresitocc99/Documentos/Vivado/hyperspectral/hyperspectral.gen/sources_1/bd/design_1/ipshared/f0b6/hdl/verilog/sc_util_v1_0_4_constants.vh
Duplicated file found; will not be sent for synthesis: /home/andresitocc99/Documentos/Vivado/hyperspectral/hyperspectral.gen/sources_1/bd/design_1/ipshared/f0b6/hdl/verilog/sc_util_v1_0_4_constants_noc.vh
Duplicated file found; will not be sent for synthesis: /home/andresitocc99/Documentos/Vivado/hyperspectral/hyperspectral.gen/sources_1/bd/design_1/ipshared/f0b6/hdl/verilog/sc_util_v1_0_4_structs.svh
Duplicated file found; will not be sent for synthesis: /home/andresitocc99/Documentos/Vivado/hyperspectral/hyperspectral.gen/sources_1/bd/design_1/ipshared/f0b6/hdl/sc_util_v1_0_vl_rfs.sv
Duplicated file found; will not be sent for synthesis: /home/andresitocc99/Documentos/Vivado/hyperspectral/hyperspectral.gen/sources_1/bd/design_1/ipshared/c012/hdl/sc_switchboard_v1_0_vl_rfs.sv
Duplicated file found; will not be sent for synthesis: /home/andresitocc99/Documentos/Vivado/hyperspectral/hyperspectral.gen/sources_1/bd/design_1/ipshared/f0b6/hdl/verilog/sc_util_v1_0_4_constants.vh
Duplicated file found; will not be sent for synthesis: /home/andresitocc99/Documentos/Vivado/hyperspectral/hyperspectral.gen/sources_1/bd/design_1/ipshared/f0b6/hdl/verilog/sc_util_v1_0_4_constants_noc.vh
Duplicated file found; will not be sent for synthesis: /home/andresitocc99/Documentos/Vivado/hyperspectral/hyperspectral.gen/sources_1/bd/design_1/ipshared/f0b6/hdl/verilog/sc_util_v1_0_4_structs.svh
Duplicated file found; will not be sent for synthesis: /home/andresitocc99/Documentos/Vivado/hyperspectral/hyperspectral.gen/sources_1/bd/design_1/ipshared/f0b6/hdl/sc_util_v1_0_vl_rfs.sv
Duplicated file found; will not be sent for synthesis: /home/andresitocc99/Documentos/Vivado/hyperspectral/hyperspectral.gen/sources_1/bd/design_1/ipshared/f0b6/hdl/verilog/sc_util_v1_0_4_constants.vh
Duplicated file found; will not be sent for synthesis: /home/andresitocc99/Documentos/Vivado/hyperspectral/hyperspectral.gen/sources_1/bd/design_1/ipshared/f0b6/hdl/verilog/sc_util_v1_0_4_constants_noc.vh
Duplicated file found; will not be sent for synthesis: /home/andresitocc99/Documentos/Vivado/hyperspectral/hyperspectral.gen/sources_1/bd/design_1/ipshared/f0b6/hdl/verilog/sc_util_v1_0_4_structs.svh
Duplicated file found; will not be sent for synthesis: /home/andresitocc99/Documentos/Vivado/hyperspectral/hyperspectral.gen/sources_1/bd/design_1/ipshared/f0b6/hdl/sc_util_v1_0_vl_rfs.sv
Duplicated file found; will not be sent for synthesis: /home/andresitocc99/Documentos/Vivado/hyperspectral/hyperspectral.gen/sources_1/bd/design_1/ipshared/f0b6/hdl/verilog/sc_util_v1_0_4_constants.vh
Duplicated file found; will not be sent for synthesis: /home/andresitocc99/Documentos/Vivado/hyperspectral/hyperspectral.gen/sources_1/bd/design_1/ipshared/f0b6/hdl/verilog/sc_util_v1_0_4_constants_noc.vh
Duplicated file found; will not be sent for synthesis: /home/andresitocc99/Documentos/Vivado/hyperspectral/hyperspectral.gen/sources_1/bd/design_1/ipshared/f0b6/hdl/verilog/sc_util_v1_0_4_structs.svh
Duplicated file found; will not be sent for synthesis: /home/andresitocc99/Documentos/Vivado/hyperspectral/hyperspectral.gen/sources_1/bd/design_1/ipshared/f0b6/hdl/sc_util_v1_0_vl_rfs.sv
Duplicated file found; will not be sent for synthesis: /home/andresitocc99/Documentos/Vivado/hyperspectral/hyperspectral.gen/sources_1/bd/design_1/ipshared/f0b6/hdl/verilog/sc_util_v1_0_4_constants.vh
Duplicated file found; will not be sent for synthesis: /home/andresitocc99/Documentos/Vivado/hyperspectral/hyperspectral.gen/sources_1/bd/design_1/ipshared/f0b6/hdl/verilog/sc_util_v1_0_4_constants_noc.vh
Duplicated file found; will not be sent for synthesis: /home/andresitocc99/Documentos/Vivado/hyperspectral/hyperspectral.gen/sources_1/bd/design_1/ipshared/f0b6/hdl/verilog/sc_util_v1_0_4_structs.svh
Duplicated file found; will not be sent for synthesis: /home/andresitocc99/Documentos/Vivado/hyperspectral/hyperspectral.gen/sources_1/bd/design_1/ipshared/f0b6/hdl/sc_util_v1_0_vl_rfs.sv
Duplicated file found; will not be sent for synthesis: /home/andresitocc99/Documentos/Vivado/hyperspectral/hyperspectral.gen/sources_1/bd/design_1/ipshared/f0b6/hdl/verilog/sc_util_v1_0_4_constants.vh
Duplicated file found; will not be sent for synthesis: /home/andresitocc99/Documentos/Vivado/hyperspectral/hyperspectral.gen/sources_1/bd/design_1/ipshared/f0b6/hdl/verilog/sc_util_v1_0_4_constants_noc.vh
Duplicated file found; will not be sent for synthesis: /home/andresitocc99/Documentos/Vivado/hyperspectral/hyperspectral.gen/sources_1/bd/design_1/ipshared/f0b6/hdl/verilog/sc_util_v1_0_4_structs.svh
Duplicated file found; will not be sent for synthesis: /home/andresitocc99/Documentos/Vivado/hyperspectral/hyperspectral.gen/sources_1/bd/design_1/ipshared/f0b6/hdl/sc_util_v1_0_vl_rfs.sv
Duplicated file found; will not be sent for synthesis: /home/andresitocc99/Documentos/Vivado/hyperspectral/hyperspectral.gen/sources_1/bd/design_1/ipshared/f0b6/hdl/verilog/sc_util_v1_0_4_constants.vh
Duplicated file found; will not be sent for synthesis: /home/andresitocc99/Documentos/Vivado/hyperspectral/hyperspectral.gen/sources_1/bd/design_1/ipshared/f0b6/hdl/verilog/sc_util_v1_0_4_constants_noc.vh
Duplicated file found; will not be sent for synthesis: /home/andresitocc99/Documentos/Vivado/hyperspectral/hyperspectral.gen/sources_1/bd/design_1/ipshared/f0b6/hdl/verilog/sc_util_v1_0_4_structs.svh
Duplicated file found; will not be sent for synthesis: /home/andresitocc99/Documentos/Vivado/hyperspectral/hyperspectral.gen/sources_1/bd/design_1/ipshared/f0b6/hdl/sc_util_v1_0_vl_rfs.sv
Duplicated file found; will not be sent for synthesis: /home/andresitocc99/Documentos/Vivado/hyperspectral/hyperspectral.gen/sources_1/bd/design_1/ipshared/66be/hdl/verilog/sc_node_v1_0_14_t_reqsend.svh
Duplicated file found; will not be sent for synthesis: /home/andresitocc99/Documentos/Vivado/hyperspectral/hyperspectral.gen/sources_1/bd/design_1/ipshared/66be/hdl/sc_node_v1_0_vl_rfs.sv
Duplicated file found; will not be sent for synthesis: /home/andresitocc99/Documentos/Vivado/hyperspectral/hyperspectral.gen/sources_1/bd/design_1/ipshared/f0b6/hdl/verilog/sc_util_v1_0_4_constants.vh
Duplicated file found; will not be sent for synthesis: /home/andresitocc99/Documentos/Vivado/hyperspectral/hyperspectral.gen/sources_1/bd/design_1/ipshared/f0b6/hdl/verilog/sc_util_v1_0_4_constants_noc.vh
Duplicated file found; will not be sent for synthesis: /home/andresitocc99/Documentos/Vivado/hyperspectral/hyperspectral.gen/sources_1/bd/design_1/ipshared/f0b6/hdl/verilog/sc_util_v1_0_4_structs.svh
Duplicated file found; will not be sent for synthesis: /home/andresitocc99/Documentos/Vivado/hyperspectral/hyperspectral.gen/sources_1/bd/design_1/ipshared/f0b6/hdl/sc_util_v1_0_vl_rfs.sv
Duplicated file found; will not be sent for synthesis: /home/andresitocc99/Documentos/Vivado/hyperspectral/hyperspectral.gen/sources_1/bd/design_1/ipshared/ea34/hdl/sc_mmu_v1_0_vl_rfs.sv
Duplicated file found; will not be sent for synthesis: /home/andresitocc99/Documentos/Vivado/hyperspectral/hyperspectral.gen/sources_1/bd/design_1/ipshared/f0b6/hdl/verilog/sc_util_v1_0_4_constants.vh
Duplicated file found; will not be sent for synthesis: /home/andresitocc99/Documentos/Vivado/hyperspectral/hyperspectral.gen/sources_1/bd/design_1/ipshared/f0b6/hdl/verilog/sc_util_v1_0_4_constants_noc.vh
Duplicated file found; will not be sent for synthesis: /home/andresitocc99/Documentos/Vivado/hyperspectral/hyperspectral.gen/sources_1/bd/design_1/ipshared/f0b6/hdl/verilog/sc_util_v1_0_4_structs.svh
Duplicated file found; will not be sent for synthesis: /home/andresitocc99/Documentos/Vivado/hyperspectral/hyperspectral.gen/sources_1/bd/design_1/ipshared/f0b6/hdl/sc_util_v1_0_vl_rfs.sv
Duplicated file found; will not be sent for synthesis: /home/andresitocc99/Documentos/Vivado/hyperspectral/hyperspectral.gen/sources_1/bd/design_1/ipshared/4fd2/hdl/sc_transaction_regulator_v1_0_vl_rfs.sv
Duplicated file found; will not be sent for synthesis: /home/andresitocc99/Documentos/Vivado/hyperspectral/hyperspectral.gen/sources_1/bd/design_1/ipshared/f0b6/hdl/verilog/sc_util_v1_0_4_constants.vh
Duplicated file found; will not be sent for synthesis: /home/andresitocc99/Documentos/Vivado/hyperspectral/hyperspectral.gen/sources_1/bd/design_1/ipshared/f0b6/hdl/verilog/sc_util_v1_0_4_constants_noc.vh
Duplicated file found; will not be sent for synthesis: /home/andresitocc99/Documentos/Vivado/hyperspectral/hyperspectral.gen/sources_1/bd/design_1/ipshared/f0b6/hdl/verilog/sc_util_v1_0_4_structs.svh
Duplicated file found; will not be sent for synthesis: /home/andresitocc99/Documentos/Vivado/hyperspectral/hyperspectral.gen/sources_1/bd/design_1/ipshared/f0b6/hdl/sc_util_v1_0_vl_rfs.sv
Duplicated file found; will not be sent for synthesis: /home/andresitocc99/Documentos/Vivado/hyperspectral/hyperspectral.gen/sources_1/bd/design_1/ipshared/8047/hdl/sc_si_converter_v1_0_vl_rfs.sv
Duplicated file found; will not be sent for synthesis: /home/andresitocc99/Documentos/Vivado/hyperspectral/hyperspectral.gen/sources_1/bd/design_1/ipshared/f0b6/hdl/verilog/sc_util_v1_0_4_constants.vh
Duplicated file found; will not be sent for synthesis: /home/andresitocc99/Documentos/Vivado/hyperspectral/hyperspectral.gen/sources_1/bd/design_1/ipshared/f0b6/hdl/verilog/sc_util_v1_0_4_constants_noc.vh
Duplicated file found; will not be sent for synthesis: /home/andresitocc99/Documentos/Vivado/hyperspectral/hyperspectral.gen/sources_1/bd/design_1/ipshared/f0b6/hdl/verilog/sc_util_v1_0_4_structs.svh
Duplicated file found; will not be sent for synthesis: /home/andresitocc99/Documentos/Vivado/hyperspectral/hyperspectral.gen/sources_1/bd/design_1/ipshared/f0b6/hdl/sc_util_v1_0_vl_rfs.sv
Duplicated file found; will not be sent for synthesis: /home/andresitocc99/Documentos/Vivado/hyperspectral/hyperspectral.gen/sources_1/bd/design_1/ipshared/f38e/hdl/sc_axi2sc_v1_0_vl_rfs.sv
Duplicated file found; will not be sent for synthesis: /home/andresitocc99/Documentos/Vivado/hyperspectral/hyperspectral.gen/sources_1/bd/design_1/ipshared/f0b6/hdl/verilog/sc_util_v1_0_4_constants.vh
Duplicated file found; will not be sent for synthesis: /home/andresitocc99/Documentos/Vivado/hyperspectral/hyperspectral.gen/sources_1/bd/design_1/ipshared/f0b6/hdl/verilog/sc_util_v1_0_4_constants_noc.vh
Duplicated file found; will not be sent for synthesis: /home/andresitocc99/Documentos/Vivado/hyperspectral/hyperspectral.gen/sources_1/bd/design_1/ipshared/f0b6/hdl/verilog/sc_util_v1_0_4_structs.svh
Duplicated file found; will not be sent for synthesis: /home/andresitocc99/Documentos/Vivado/hyperspectral/hyperspectral.gen/sources_1/bd/design_1/ipshared/f0b6/hdl/sc_util_v1_0_vl_rfs.sv
Duplicated file found; will not be sent for synthesis: /home/andresitocc99/Documentos/Vivado/hyperspectral/hyperspectral.gen/sources_1/bd/design_1/ipshared/66be/hdl/verilog/sc_node_v1_0_14_t_reqsend.svh
Duplicated file found; will not be sent for synthesis: /home/andresitocc99/Documentos/Vivado/hyperspectral/hyperspectral.gen/sources_1/bd/design_1/ipshared/66be/hdl/sc_node_v1_0_vl_rfs.sv
Duplicated file found; will not be sent for synthesis: /home/andresitocc99/Documentos/Vivado/hyperspectral/hyperspectral.gen/sources_1/bd/design_1/ipshared/f0b6/hdl/verilog/sc_util_v1_0_4_constants.vh
Duplicated file found; will not be sent for synthesis: /home/andresitocc99/Documentos/Vivado/hyperspectral/hyperspectral.gen/sources_1/bd/design_1/ipshared/f0b6/hdl/verilog/sc_util_v1_0_4_constants_noc.vh
Duplicated file found; will not be sent for synthesis: /home/andresitocc99/Documentos/Vivado/hyperspectral/hyperspectral.gen/sources_1/bd/design_1/ipshared/f0b6/hdl/verilog/sc_util_v1_0_4_structs.svh
Duplicated file found; will not be sent for synthesis: /home/andresitocc99/Documentos/Vivado/hyperspectral/hyperspectral.gen/sources_1/bd/design_1/ipshared/f0b6/hdl/sc_util_v1_0_vl_rfs.sv
Duplicated file found; will not be sent for synthesis: /home/andresitocc99/Documentos/Vivado/hyperspectral/hyperspectral.gen/sources_1/bd/design_1/ipshared/66be/hdl/verilog/sc_node_v1_0_14_t_reqsend.svh
Duplicated file found; will not be sent for synthesis: /home/andresitocc99/Documentos/Vivado/hyperspectral/hyperspectral.gen/sources_1/bd/design_1/ipshared/66be/hdl/sc_node_v1_0_vl_rfs.sv
Duplicated file found; will not be sent for synthesis: /home/andresitocc99/Documentos/Vivado/hyperspectral/hyperspectral.gen/sources_1/bd/design_1/ipshared/f0b6/hdl/verilog/sc_util_v1_0_4_constants.vh
Duplicated file found; will not be sent for synthesis: /home/andresitocc99/Documentos/Vivado/hyperspectral/hyperspectral.gen/sources_1/bd/design_1/ipshared/f0b6/hdl/verilog/sc_util_v1_0_4_constants_noc.vh
Duplicated file found; will not be sent for synthesis: /home/andresitocc99/Documentos/Vivado/hyperspectral/hyperspectral.gen/sources_1/bd/design_1/ipshared/f0b6/hdl/verilog/sc_util_v1_0_4_structs.svh
Duplicated file found; will not be sent for synthesis: /home/andresitocc99/Documentos/Vivado/hyperspectral/hyperspectral.gen/sources_1/bd/design_1/ipshared/f0b6/hdl/sc_util_v1_0_vl_rfs.sv
Duplicated file found; will not be sent for synthesis: /home/andresitocc99/Documentos/Vivado/hyperspectral/hyperspectral.gen/sources_1/bd/design_1/ipshared/66be/hdl/verilog/sc_node_v1_0_14_t_reqsend.svh
Duplicated file found; will not be sent for synthesis: /home/andresitocc99/Documentos/Vivado/hyperspectral/hyperspectral.gen/sources_1/bd/design_1/ipshared/66be/hdl/sc_node_v1_0_vl_rfs.sv
Duplicated file found; will not be sent for synthesis: /home/andresitocc99/Documentos/Vivado/hyperspectral/hyperspectral.gen/sources_1/bd/design_1/ipshared/f0b6/hdl/verilog/sc_util_v1_0_4_constants.vh
Duplicated file found; will not be sent for synthesis: /home/andresitocc99/Documentos/Vivado/hyperspectral/hyperspectral.gen/sources_1/bd/design_1/ipshared/f0b6/hdl/verilog/sc_util_v1_0_4_constants_noc.vh
Duplicated file found; will not be sent for synthesis: /home/andresitocc99/Documentos/Vivado/hyperspectral/hyperspectral.gen/sources_1/bd/design_1/ipshared/f0b6/hdl/verilog/sc_util_v1_0_4_structs.svh
Duplicated file found; will not be sent for synthesis: /home/andresitocc99/Documentos/Vivado/hyperspectral/hyperspectral.gen/sources_1/bd/design_1/ipshared/f0b6/hdl/sc_util_v1_0_vl_rfs.sv
Duplicated file found; will not be sent for synthesis: /home/andresitocc99/Documentos/Vivado/hyperspectral/hyperspectral.gen/sources_1/bd/design_1/ipshared/f0b6/hdl/verilog/sc_util_v1_0_4_constants.vh
Duplicated file found; will not be sent for synthesis: /home/andresitocc99/Documentos/Vivado/hyperspectral/hyperspectral.gen/sources_1/bd/design_1/ipshared/f0b6/hdl/verilog/sc_util_v1_0_4_constants_noc.vh
Duplicated file found; will not be sent for synthesis: /home/andresitocc99/Documentos/Vivado/hyperspectral/hyperspectral.gen/sources_1/bd/design_1/ipshared/f0b6/hdl/verilog/sc_util_v1_0_4_structs.svh
Duplicated file found; will not be sent for synthesis: /home/andresitocc99/Documentos/Vivado/hyperspectral/hyperspectral.gen/sources_1/bd/design_1/ipshared/f0b6/hdl/sc_util_v1_0_vl_rfs.sv
Duplicated file found; will not be sent for synthesis: /home/andresitocc99/Documentos/Vivado/hyperspectral/hyperspectral.gen/sources_1/bd/design_1/ipshared/66be/hdl/verilog/sc_node_v1_0_14_t_reqsend.svh
Duplicated file found; will not be sent for synthesis: /home/andresitocc99/Documentos/Vivado/hyperspectral/hyperspectral.gen/sources_1/bd/design_1/ipshared/66be/hdl/sc_node_v1_0_vl_rfs.sv
Duplicated file found; will not be sent for synthesis: /home/andresitocc99/Documentos/Vivado/hyperspectral/hyperspectral.gen/sources_1/bd/design_1/ipshared/f0b6/hdl/verilog/sc_util_v1_0_4_constants.vh
Duplicated file found; will not be sent for synthesis: /home/andresitocc99/Documentos/Vivado/hyperspectral/hyperspectral.gen/sources_1/bd/design_1/ipshared/f0b6/hdl/verilog/sc_util_v1_0_4_constants_noc.vh
Duplicated file found; will not be sent for synthesis: /home/andresitocc99/Documentos/Vivado/hyperspectral/hyperspectral.gen/sources_1/bd/design_1/ipshared/f0b6/hdl/verilog/sc_util_v1_0_4_structs.svh
Duplicated file found; will not be sent for synthesis: /home/andresitocc99/Documentos/Vivado/hyperspectral/hyperspectral.gen/sources_1/bd/design_1/ipshared/f0b6/hdl/sc_util_v1_0_vl_rfs.sv
Duplicated file found; will not be sent for synthesis: /home/andresitocc99/Documentos/Vivado/hyperspectral/hyperspectral.gen/sources_1/bd/design_1/ipshared/66be/hdl/verilog/sc_node_v1_0_14_t_reqsend.svh
Duplicated file found; will not be sent for synthesis: /home/andresitocc99/Documentos/Vivado/hyperspectral/hyperspectral.gen/sources_1/bd/design_1/ipshared/66be/hdl/sc_node_v1_0_vl_rfs.sv
Duplicated file found; will not be sent for synthesis: /home/andresitocc99/Documentos/Vivado/hyperspectral/hyperspectral.gen/sources_1/bd/design_1/ipshared/f0b6/hdl/verilog/sc_util_v1_0_4_constants.vh
Duplicated file found; will not be sent for synthesis: /home/andresitocc99/Documentos/Vivado/hyperspectral/hyperspectral.gen/sources_1/bd/design_1/ipshared/f0b6/hdl/verilog/sc_util_v1_0_4_constants_noc.vh
Duplicated file found; will not be sent for synthesis: /home/andresitocc99/Documentos/Vivado/hyperspectral/hyperspectral.gen/sources_1/bd/design_1/ipshared/f0b6/hdl/verilog/sc_util_v1_0_4_structs.svh
Duplicated file found; will not be sent for synthesis: /home/andresitocc99/Documentos/Vivado/hyperspectral/hyperspectral.gen/sources_1/bd/design_1/ipshared/f0b6/hdl/sc_util_v1_0_vl_rfs.sv
Duplicated file found; will not be sent for synthesis: /home/andresitocc99/Documentos/Vivado/hyperspectral/hyperspectral.gen/sources_1/bd/design_1/ipshared/66be/hdl/verilog/sc_node_v1_0_14_t_reqsend.svh
Duplicated file found; will not be sent for synthesis: /home/andresitocc99/Documentos/Vivado/hyperspectral/hyperspectral.gen/sources_1/bd/design_1/ipshared/66be/hdl/sc_node_v1_0_vl_rfs.sv
Duplicated file found; will not be sent for synthesis: /home/andresitocc99/Documentos/Vivado/hyperspectral/hyperspectral.gen/sources_1/bd/design_1/ipshared/f0b6/hdl/verilog/sc_util_v1_0_4_constants.vh
Duplicated file found; will not be sent for synthesis: /home/andresitocc99/Documentos/Vivado/hyperspectral/hyperspectral.gen/sources_1/bd/design_1/ipshared/f0b6/hdl/verilog/sc_util_v1_0_4_constants_noc.vh
Duplicated file found; will not be sent for synthesis: /home/andresitocc99/Documentos/Vivado/hyperspectral/hyperspectral.gen/sources_1/bd/design_1/ipshared/f0b6/hdl/verilog/sc_util_v1_0_4_structs.svh
Duplicated file found; will not be sent for synthesis: /home/andresitocc99/Documentos/Vivado/hyperspectral/hyperspectral.gen/sources_1/bd/design_1/ipshared/f0b6/hdl/sc_util_v1_0_vl_rfs.sv
Duplicated file found; will not be sent for synthesis: /home/andresitocc99/Documentos/Vivado/hyperspectral/hyperspectral.gen/sources_1/bd/design_1/ipshared/66be/hdl/verilog/sc_node_v1_0_14_t_reqsend.svh
Duplicated file found; will not be sent for synthesis: /home/andresitocc99/Documentos/Vivado/hyperspectral/hyperspectral.gen/sources_1/bd/design_1/ipshared/66be/hdl/sc_node_v1_0_vl_rfs.sv
Duplicated file found; will not be sent for synthesis: /home/andresitocc99/Documentos/Vivado/hyperspectral/hyperspectral.gen/sources_1/bd/design_1/ipshared/f0b6/hdl/verilog/sc_util_v1_0_4_constants.vh
Duplicated file found; will not be sent for synthesis: /home/andresitocc99/Documentos/Vivado/hyperspectral/hyperspectral.gen/sources_1/bd/design_1/ipshared/f0b6/hdl/verilog/sc_util_v1_0_4_constants_noc.vh
Duplicated file found; will not be sent for synthesis: /home/andresitocc99/Documentos/Vivado/hyperspectral/hyperspectral.gen/sources_1/bd/design_1/ipshared/f0b6/hdl/verilog/sc_util_v1_0_4_structs.svh
Duplicated file found; will not be sent for synthesis: /home/andresitocc99/Documentos/Vivado/hyperspectral/hyperspectral.gen/sources_1/bd/design_1/ipshared/f0b6/hdl/sc_util_v1_0_vl_rfs.sv
Duplicated file found; will not be sent for synthesis: /home/andresitocc99/Documentos/Vivado/hyperspectral/hyperspectral.gen/sources_1/bd/design_1/ipshared/66be/hdl/verilog/sc_node_v1_0_14_t_reqsend.svh
Duplicated file found; will not be sent for synthesis: /home/andresitocc99/Documentos/Vivado/hyperspectral/hyperspectral.gen/sources_1/bd/design_1/ipshared/66be/hdl/sc_node_v1_0_vl_rfs.sv
Duplicated file found; will not be sent for synthesis: /home/andresitocc99/Documentos/Vivado/hyperspectral/hyperspectral.gen/sources_1/bd/design_1/ipshared/f0b6/hdl/verilog/sc_util_v1_0_4_constants.vh
Duplicated file found; will not be sent for synthesis: /home/andresitocc99/Documentos/Vivado/hyperspectral/hyperspectral.gen/sources_1/bd/design_1/ipshared/f0b6/hdl/verilog/sc_util_v1_0_4_constants_noc.vh
Duplicated file found; will not be sent for synthesis: /home/andresitocc99/Documentos/Vivado/hyperspectral/hyperspectral.gen/sources_1/bd/design_1/ipshared/f0b6/hdl/verilog/sc_util_v1_0_4_structs.svh
Duplicated file found; will not be sent for synthesis: /home/andresitocc99/Documentos/Vivado/hyperspectral/hyperspectral.gen/sources_1/bd/design_1/ipshared/f0b6/hdl/sc_util_v1_0_vl_rfs.sv
CRC performance measure: elapsed=00:00:00s;;memory_peak=3446.582MB;;memory_gain=0.000MB
