/inst/s01_entry_pipeline/s01_mmu/inst/ar_reg_stall:4259016689
/inst/m00_exit_pipeline/m00_exit/inst/r_reg:4259016689
/inst/s00_entry_pipeline/s00_mmu/inst/ar_reg_stall:4259016689
/inst/s01_entry_pipeline/s01_mmu/inst/ar_sreg:4259016689
/inst/s00_entry_pipeline/s00_entry_pipeline_imp_1PSXOAM__GC0:3303808219
/inst/bd_6f02__GC0:480636886
/inst/s01_entry_pipeline/s01_mmu/inst/sc_mmu_v1_0_10_top__parameterized0__GC0:3926531412
/inst/m00_exit_pipeline/m00_exit/inst/w_reg:4259016689
/inst/m00_exit_pipeline/m00_exit/inst/sc_exit_v1_0_13_top__GC0:738469383
/inst/s00_entry_pipeline/s00_mmu/inst/aw_sreg:4259016689
/inst/s00_entry_pipeline/s00_mmu/inst/ar_sreg:4259016689
/inst/s01_entry_pipeline/s01_mmu/inst/aw_reg_stall:4259016689
/inst/s00_entry_pipeline/s00_mmu/inst/w_sreg:4259016689
/inst/s01_entry_pipeline/s01_entry_pipeline_imp_JD8B8Q__GC0:1015148396
/inst/s01_entry_pipeline/s01_mmu/inst/aw_sreg:4259016689
/inst/m00_exit_pipeline/m00_exit/inst/aw_reg:4259016689
/inst/m00_exit_pipeline/m00_exit/inst/ar_reg:4259016689
/inst/s01_entry_pipeline/s01_mmu/inst/r_sreg:4259016689
/inst/s01_entry_pipeline/s01_mmu/inst/w_sreg:4259016689
/inst/s00_entry_pipeline/s00_mmu/inst/b_sreg:4259016689
/inst/s00_entry_pipeline/s00_mmu/inst/r_sreg:4259016689
/inst/s00_entry_pipeline/s00_mmu/inst/sc_mmu_v1_0_10_top__GC0:4240029042
/inst/s01_entry_pipeline/s01_mmu/inst/b_sreg:4259016689
/inst/s00_entry_pipeline/s00_mmu/inst/aw_reg_stall:4259016689
/inst/m00_exit_pipeline/m00_exit/inst/b_reg:4259016689
