Nothing to build in platform 'design_1_hyperspectral'

20:53:28 **** Incremental Build of configuration Debug for project hyperspectral ****
make all 
Building file: ../src/lib_hyperspectral_hw.c
Invoking: ARM v8 gcc compiler
aarch64-none-elf-gcc -Wall -O0 -g3 -c -fmessage-length=0 -MT"src/lib_hyperspectral_hw.o" -I/home/andresitocc99/Documentos/SSEE_Xilinx/Vitis/design_1_hyperspectral/export/design_1_hyperspectral/sw/design_1_hyperspectral/standalone_psu_cortexa53_0/bspinclude/include -MMD -MP -MF"src/lib_hyperspectral_hw.d" -MT"src/lib_hyperspectral_hw.o" -o "src/lib_hyperspectral_hw.o" "../src/lib_hyperspectral_hw.c"
Finished building: ../src/lib_hyperspectral_hw.c
 
Building target: hyperspectral.elf
Invoking: ARM v8 gcc linker
aarch64-none-elf-gcc -Wl,-T -Wl,../src/lscript.ld -L/home/andresitocc99/Documentos/SSEE_Xilinx/Vitis/design_1_hyperspectral/export/design_1_hyperspectral/sw/design_1_hyperspectral/standalone_psu_cortexa53_0/bsplib/lib -o "hyperspectral.elf" ./src/lib_hyperspectral_hw.o ./src/main.o ./src/platform.o   -Wl,--start-group,-lxilffs,-lxil,-lgcc,-lc,-lm,--end-group
Finished building target: hyperspectral.elf
 
Invoking: ARM v8 Print Size
aarch64-none-elf-size hyperspectral.elf  |tee "hyperspectral.elf.size"
   text	   data	    bss	    dec	    hex	filename
 163803	   7896	1583485	1755184	 1ac830	hyperspectral.elf
Finished building: hyperspectral.elf.size
 
