04:47:04 **** Incremental Build of configuration Debug for project hyperspectral ****
make all 
Building target: hyperspectral.elf
Invoking: ARM v8 gcc linker
aarch64-none-elf-gcc -Wl,-T -Wl,../src/lscript.ld -L/home/andresitocc99/Documentos/SSEE_Xilinx/Vitis/design_1_hyperspectral/export/design_1_hyperspectral/sw/design_1_hyperspectral/standalone_psu_cortexa53_0/bsplib/lib -o "hyperspectral.elf" ./src/lib_hyperspectral_hw.o ./src/main.o ./src/platform.o   -Wl,--start-group,-lxilffs,-lxil,-lgcc,-lc,-lm,--end-group
Finished building target: hyperspectral.elf
 
Invoking: ARM v8 Print Size
aarch64-none-elf-size hyperspectral.elf  |tee "hyperspectral.elf.size"
   text	   data	    bss	    dec	    hex	filename
 163403	   7896	1583437	1754736	 1ac670	hyperspectral.elf
Finished building: hyperspectral.elf.size
 

04:47:04 Build Finished (took 364ms)

