

================================================================
== Vitis HLS Report for 'mmult_hw_wrapped'
================================================================
* Date:           Tue Jul  9 12:48:41 2024

* Version:        2022.1 (Build 3526262 on Mon Apr 18 15:47:01 MDT 2022)
* Project:        mmult
* Solution:       solution1 (Vivado IP Flow Target)
* Product family: zynquplus
* Target device:  xczu3eg-sbva484-1-e


================================================================
== Performance Estimates
================================================================
+ Timing: 
    * Summary: 
    +--------+----------+----------+------------+
    |  Clock |  Target  | Estimated| Uncertainty|
    +--------+----------+----------+------------+
    |ap_clk  |  10.00 ns|  6.838 ns|     2.70 ns|
    +--------+----------+----------+------------+

+ Latency: 
    * Summary: 
    +---------+---------+----------+----------+-------+-------+---------+
    |  Latency (cycles) |  Latency (absolute) |    Interval   | Pipeline|
    |   min   |   max   |    min   |    max   |  min  |  max  |   Type  |
    +---------+---------+----------+----------+-------+-------+---------+
    |    67738|    67738|  0.677 ms|  0.677 ms|  67739|  67739|       no|
    +---------+---------+----------+----------+-------+-------+---------+

    + Detail: 
        * Instance: 
        +------------------------------------------------------------------------+-------------------------------------------------------------+---------+---------+-----------+-----------+-------+-------+---------+
        |                                                                        |                                                             |  Latency (cycles) |   Latency (absolute)  |    Interval   | Pipeline|
        |                                Instance                                |                            Module                           |   min   |   max   |    min    |    max    |  min  |  max  |   Type  |
        +------------------------------------------------------------------------+-------------------------------------------------------------+---------+---------+-----------+-----------+-------+-------+---------+
        |grp_mmult_hw_wrapped_Pipeline_VITIS_LOOP_83_1_VITIS_LOOP_84_2_fu_90     |mmult_hw_wrapped_Pipeline_VITIS_LOOP_83_1_VITIS_LOOP_84_2    |     1026|     1026|  10.260 us|  10.260 us|   1026|   1026|       no|
        |grp_mmult_hw_wrapped_Pipeline_VITIS_LOOP_96_4_VITIS_LOOP_97_5_fu_109    |mmult_hw_wrapped_Pipeline_VITIS_LOOP_96_4_VITIS_LOOP_97_5    |     1026|     1026|  10.260 us|  10.260 us|   1026|   1026|       no|
        |grp_mmult_hw_wrapped_Pipeline_L1_L2_fu_128                              |mmult_hw_wrapped_Pipeline_L1_L2                              |    64648|    64648|   0.646 ms|   0.646 ms|  64648|  64648|       no|
        |grp_mmult_hw_wrapped_Pipeline_VITIS_LOOP_113_7_VITIS_LOOP_114_8_fu_136  |mmult_hw_wrapped_Pipeline_VITIS_LOOP_113_7_VITIS_LOOP_114_8  |     1026|     1026|  10.260 us|  10.260 us|   1026|   1026|       no|
        +------------------------------------------------------------------------+-------------------------------------------------------------+---------+---------+-----------+-----------+-------+-------+---------+

        * Loop: 
        N/A

============================================================
+ Verbose Summary: Synthesis Manager
============================================================
InlineROM: 1
ExposeGlobal: 0
============================================================
+ Verbose Summary: CDFG Model
============================================================
IsTopModel: 1
ResetActiveHigh: 1
IsCombinational: 0
IsDatapathOnly: 0
HasWiredReturn: 1
HasMFsm: 0
HasVarLatency: 1
IsPipeline: 0
IsRtlPipelined: 0
IsInstanceOverlapped: 0
IsDontTouch: 0
HasImplIP: 0
IsGatedGlobalClock: 0


============================================================
+ Verbose Summary: Schedule
============================================================
* Number of FSM states : 13
* Pipeline : 0
* Dataflow Pipeline: 0

* FSM state transitions: 
1 --> 2 
2 --> 3 
3 --> 4 
4 --> 5 
5 --> 6 
6 --> 7 
7 --> 8 
8 --> 9 
9 --> 10 
10 --> 11 
11 --> 12 
12 --> 13 
13 --> 

* FSM state operations: 

State 1 <SV = 0> <Delay = 1.35>
ST_1 : Operation 14 [1/1] (0.00ns)   --->   "%sum_v = alloca i64 1" [../Archivos_Fuente/mmult/mmult_accel.cpp:32]   --->   Operation 14 'alloca' 'sum_v' <Predicate = true> <Delay = 0.00> <CoreInst = "FIFO_SRL">   --->   Core 81 'FIFO_SRL' <Latency = 0> <II = 1> <Delay = 2.16> <Storage> <Opcode : 'read' 'write' 'nbread' 'nbwrite'> <Ports = 0> <Width = 32> <Depth = 2> <FIFO>
ST_1 : Operation 15 [1/1] (1.35ns)   --->   "%a = alloca i64 1" [../Archivos_Fuente/mmult/mmult_accel.cpp:78]   --->   Operation 15 'alloca' 'a' <Predicate = true> <Delay = 1.35>
ST_1 : Operation 16 [1/1] (1.35ns)   --->   "%b = alloca i64 1" [../Archivos_Fuente/mmult/mmult_accel.cpp:79]   --->   Operation 16 'alloca' 'b' <Predicate = true> <Delay = 1.35>
ST_1 : Operation 17 [1/1] (1.35ns)   --->   "%out = alloca i64 1" [../Archivos_Fuente/mmult/mmult_accel.cpp:80]   --->   Operation 17 'alloca' 'out' <Predicate = true> <Delay = 1.35>
ST_1 : Operation 18 [1/1] (0.00ns)   --->   "%empty_16 = wait i32 @_ssdm_op_Wait"   --->   Operation 18 'wait' 'empty_16' <Predicate = true> <Delay = 0.00>

State 2 <SV = 1> <Delay = 1.35>
ST_2 : Operation 19 [2/2] (1.35ns)   --->   "%call_ln0 = call void @mmult_hw_wrapped_Pipeline_VITIS_LOOP_83_1_VITIS_LOOP_84_2, i32 %a, i32 %INPUT_STREAM_V_data_V, i4 %INPUT_STREAM_V_keep_V, i4 %INPUT_STREAM_V_strb_V, i4 %INPUT_STREAM_V_user_V, i1 %INPUT_STREAM_V_last_V, i5 %INPUT_STREAM_V_id_V, i5 %INPUT_STREAM_V_dest_V"   --->   Operation 19 'call' 'call_ln0' <Predicate = true> <Delay = 1.35> <CoreType = "Generic">   --->   Core 0 '' <Latency = 0> <II = 1> <Delay = 1.00> <Generic> <Opcode : >

State 3 <SV = 2> <Delay = 0.00>
ST_3 : Operation 20 [1/2] (0.00ns)   --->   "%call_ln0 = call void @mmult_hw_wrapped_Pipeline_VITIS_LOOP_83_1_VITIS_LOOP_84_2, i32 %a, i32 %INPUT_STREAM_V_data_V, i4 %INPUT_STREAM_V_keep_V, i4 %INPUT_STREAM_V_strb_V, i4 %INPUT_STREAM_V_user_V, i1 %INPUT_STREAM_V_last_V, i5 %INPUT_STREAM_V_id_V, i5 %INPUT_STREAM_V_dest_V"   --->   Operation 20 'call' 'call_ln0' <Predicate = true> <Delay = 0.00> <CoreType = "Generic">   --->   Core 0 '' <Latency = 0> <II = 1> <Delay = 1.00> <Generic> <Opcode : >

State 4 <SV = 3> <Delay = 0.00>
ST_4 : Operation 21 [1/1] (0.00ns)   --->   "%empty_17 = wait i32 @_ssdm_op_Wait"   --->   Operation 21 'wait' 'empty_17' <Predicate = true> <Delay = 0.00>

State 5 <SV = 4> <Delay = 1.35>
ST_5 : Operation 22 [1/1] (0.00ns)   --->   "%empty_18 = wait i32 @_ssdm_op_Wait"   --->   Operation 22 'wait' 'empty_18' <Predicate = true> <Delay = 0.00>
ST_5 : Operation 23 [2/2] (1.35ns)   --->   "%call_ln0 = call void @mmult_hw_wrapped_Pipeline_VITIS_LOOP_96_4_VITIS_LOOP_97_5, i32 %b, i32 %INPUT_STREAM_V_data_V, i4 %INPUT_STREAM_V_keep_V, i4 %INPUT_STREAM_V_strb_V, i4 %INPUT_STREAM_V_user_V, i1 %INPUT_STREAM_V_last_V, i5 %INPUT_STREAM_V_id_V, i5 %INPUT_STREAM_V_dest_V"   --->   Operation 23 'call' 'call_ln0' <Predicate = true> <Delay = 1.35> <CoreType = "Generic">   --->   Core 0 '' <Latency = 0> <II = 1> <Delay = 1.00> <Generic> <Opcode : >

State 6 <SV = 5> <Delay = 0.00>
ST_6 : Operation 24 [1/2] (0.00ns)   --->   "%call_ln0 = call void @mmult_hw_wrapped_Pipeline_VITIS_LOOP_96_4_VITIS_LOOP_97_5, i32 %b, i32 %INPUT_STREAM_V_data_V, i4 %INPUT_STREAM_V_keep_V, i4 %INPUT_STREAM_V_strb_V, i4 %INPUT_STREAM_V_user_V, i1 %INPUT_STREAM_V_last_V, i5 %INPUT_STREAM_V_id_V, i5 %INPUT_STREAM_V_dest_V"   --->   Operation 24 'call' 'call_ln0' <Predicate = true> <Delay = 0.00> <CoreType = "Generic">   --->   Core 0 '' <Latency = 0> <II = 1> <Delay = 1.00> <Generic> <Opcode : >

State 7 <SV = 6> <Delay = 0.00>
ST_7 : Operation 25 [1/1] (0.00ns)   --->   "%empty_19 = wait i32 @_ssdm_op_Wait"   --->   Operation 25 'wait' 'empty_19' <Predicate = true> <Delay = 0.00>

State 8 <SV = 7> <Delay = 0.00>
ST_8 : Operation 26 [1/1] (0.00ns)   --->   "%empty_20 = wait i32 @_ssdm_op_Wait"   --->   Operation 26 'wait' 'empty_20' <Predicate = true> <Delay = 0.00>
ST_8 : Operation 27 [2/2] (0.00ns)   --->   "%call_ln0 = call void @mmult_hw_wrapped_Pipeline_L1_L2, i32 %a, i32 %b, i32 %out, i32 %sum_v"   --->   Operation 27 'call' 'call_ln0' <Predicate = true> <Delay = 0.00> <CoreType = "Generic">   --->   Core 0 '' <Latency = 0> <II = 1> <Delay = 1.00> <Generic> <Opcode : >

State 9 <SV = 8> <Delay = 0.00>
ST_9 : Operation 28 [1/2] (0.00ns)   --->   "%call_ln0 = call void @mmult_hw_wrapped_Pipeline_L1_L2, i32 %a, i32 %b, i32 %out, i32 %sum_v"   --->   Operation 28 'call' 'call_ln0' <Predicate = true> <Delay = 0.00> <CoreType = "Generic">   --->   Core 0 '' <Latency = 0> <II = 1> <Delay = 1.00> <Generic> <Opcode : >

State 10 <SV = 9> <Delay = 0.00>
ST_10 : Operation 29 [1/1] (0.00ns)   --->   "%empty_21 = wait i32 @_ssdm_op_Wait"   --->   Operation 29 'wait' 'empty_21' <Predicate = true> <Delay = 0.00>

State 11 <SV = 10> <Delay = 0.00>
ST_11 : Operation 30 [1/1] (0.00ns)   --->   "%empty_22 = wait i32 @_ssdm_op_Wait"   --->   Operation 30 'wait' 'empty_22' <Predicate = true> <Delay = 0.00>
ST_11 : Operation 31 [2/2] (0.00ns)   --->   "%call_ln0 = call void @mmult_hw_wrapped_Pipeline_VITIS_LOOP_113_7_VITIS_LOOP_114_8, i32 %out, i32 %OUTPUT_STREAM_V_data_V, i4 %OUTPUT_STREAM_V_keep_V, i4 %OUTPUT_STREAM_V_strb_V, i4 %OUTPUT_STREAM_V_user_V, i1 %OUTPUT_STREAM_V_last_V, i5 %OUTPUT_STREAM_V_id_V, i5 %OUTPUT_STREAM_V_dest_V"   --->   Operation 31 'call' 'call_ln0' <Predicate = true> <Delay = 0.00> <CoreType = "Generic">   --->   Core 0 '' <Latency = 0> <II = 1> <Delay = 1.00> <Generic> <Opcode : >

State 12 <SV = 11> <Delay = 1.35>
ST_12 : Operation 32 [1/2] (1.35ns)   --->   "%call_ln0 = call void @mmult_hw_wrapped_Pipeline_VITIS_LOOP_113_7_VITIS_LOOP_114_8, i32 %out, i32 %OUTPUT_STREAM_V_data_V, i4 %OUTPUT_STREAM_V_keep_V, i4 %OUTPUT_STREAM_V_strb_V, i4 %OUTPUT_STREAM_V_user_V, i1 %OUTPUT_STREAM_V_last_V, i5 %OUTPUT_STREAM_V_id_V, i5 %OUTPUT_STREAM_V_dest_V"   --->   Operation 32 'call' 'call_ln0' <Predicate = true> <Delay = 1.35> <CoreType = "Generic">   --->   Core 0 '' <Latency = 0> <II = 1> <Delay = 1.00> <Generic> <Opcode : >

State 13 <SV = 12> <Delay = 0.00>
ST_13 : Operation 33 [1/1] (0.00ns)   --->   "%spectopmodule_ln65 = spectopmodule void @_ssdm_op_SpecTopModule, void @empty_4" [../Archivos_Fuente/mmult/mmult_accel.cpp:65]   --->   Operation 33 'spectopmodule' 'spectopmodule_ln65' <Predicate = true> <Delay = 0.00>
ST_13 : Operation 34 [1/1] (0.00ns)   --->   "%specinterface_ln0 = specinterface void @_ssdm_op_SpecInterface, i32 %INPUT_STREAM_V_data_V, i4 %INPUT_STREAM_V_keep_V, i4 %INPUT_STREAM_V_strb_V, i4 %INPUT_STREAM_V_user_V, i1 %INPUT_STREAM_V_last_V, i5 %INPUT_STREAM_V_id_V, i5 %INPUT_STREAM_V_dest_V, void @empty_2, i32 1, i32 1, void @empty_1, i32 0, i32 0, void @empty, void @empty, void @empty, i32 0, i32 0, i32 0, i32 0, void @empty, void @empty, i32 4294967295, i32 0"   --->   Operation 34 'specinterface' 'specinterface_ln0' <Predicate = true> <Delay = 0.00>
ST_13 : Operation 35 [1/1] (0.00ns)   --->   "%specbitsmap_ln0 = specbitsmap void @_ssdm_op_SpecBitsMap, i32 %INPUT_STREAM_V_data_V"   --->   Operation 35 'specbitsmap' 'specbitsmap_ln0' <Predicate = true> <Delay = 0.00>
ST_13 : Operation 36 [1/1] (0.00ns)   --->   "%specbitsmap_ln0 = specbitsmap void @_ssdm_op_SpecBitsMap, i4 %INPUT_STREAM_V_keep_V"   --->   Operation 36 'specbitsmap' 'specbitsmap_ln0' <Predicate = true> <Delay = 0.00>
ST_13 : Operation 37 [1/1] (0.00ns)   --->   "%specbitsmap_ln0 = specbitsmap void @_ssdm_op_SpecBitsMap, i4 %INPUT_STREAM_V_strb_V"   --->   Operation 37 'specbitsmap' 'specbitsmap_ln0' <Predicate = true> <Delay = 0.00>
ST_13 : Operation 38 [1/1] (0.00ns)   --->   "%specbitsmap_ln0 = specbitsmap void @_ssdm_op_SpecBitsMap, i4 %INPUT_STREAM_V_user_V"   --->   Operation 38 'specbitsmap' 'specbitsmap_ln0' <Predicate = true> <Delay = 0.00>
ST_13 : Operation 39 [1/1] (0.00ns)   --->   "%specbitsmap_ln0 = specbitsmap void @_ssdm_op_SpecBitsMap, i1 %INPUT_STREAM_V_last_V"   --->   Operation 39 'specbitsmap' 'specbitsmap_ln0' <Predicate = true> <Delay = 0.00>
ST_13 : Operation 40 [1/1] (0.00ns)   --->   "%specbitsmap_ln0 = specbitsmap void @_ssdm_op_SpecBitsMap, i5 %INPUT_STREAM_V_id_V"   --->   Operation 40 'specbitsmap' 'specbitsmap_ln0' <Predicate = true> <Delay = 0.00>
ST_13 : Operation 41 [1/1] (0.00ns)   --->   "%specbitsmap_ln0 = specbitsmap void @_ssdm_op_SpecBitsMap, i5 %INPUT_STREAM_V_dest_V"   --->   Operation 41 'specbitsmap' 'specbitsmap_ln0' <Predicate = true> <Delay = 0.00>
ST_13 : Operation 42 [1/1] (0.00ns)   --->   "%specinterface_ln0 = specinterface void @_ssdm_op_SpecInterface, i32 %OUTPUT_STREAM_V_data_V, i4 %OUTPUT_STREAM_V_keep_V, i4 %OUTPUT_STREAM_V_strb_V, i4 %OUTPUT_STREAM_V_user_V, i1 %OUTPUT_STREAM_V_last_V, i5 %OUTPUT_STREAM_V_id_V, i5 %OUTPUT_STREAM_V_dest_V, void @empty_2, i32 1, i32 1, void @empty_1, i32 0, i32 0, void @empty, void @empty, void @empty, i32 0, i32 0, i32 0, i32 0, void @empty, void @empty, i32 4294967295, i32 0"   --->   Operation 42 'specinterface' 'specinterface_ln0' <Predicate = true> <Delay = 0.00>
ST_13 : Operation 43 [1/1] (0.00ns)   --->   "%specbitsmap_ln0 = specbitsmap void @_ssdm_op_SpecBitsMap, i32 %OUTPUT_STREAM_V_data_V"   --->   Operation 43 'specbitsmap' 'specbitsmap_ln0' <Predicate = true> <Delay = 0.00>
ST_13 : Operation 44 [1/1] (0.00ns)   --->   "%specbitsmap_ln0 = specbitsmap void @_ssdm_op_SpecBitsMap, i4 %OUTPUT_STREAM_V_keep_V"   --->   Operation 44 'specbitsmap' 'specbitsmap_ln0' <Predicate = true> <Delay = 0.00>
ST_13 : Operation 45 [1/1] (0.00ns)   --->   "%specbitsmap_ln0 = specbitsmap void @_ssdm_op_SpecBitsMap, i4 %OUTPUT_STREAM_V_strb_V"   --->   Operation 45 'specbitsmap' 'specbitsmap_ln0' <Predicate = true> <Delay = 0.00>
ST_13 : Operation 46 [1/1] (0.00ns)   --->   "%specbitsmap_ln0 = specbitsmap void @_ssdm_op_SpecBitsMap, i4 %OUTPUT_STREAM_V_user_V"   --->   Operation 46 'specbitsmap' 'specbitsmap_ln0' <Predicate = true> <Delay = 0.00>
ST_13 : Operation 47 [1/1] (0.00ns)   --->   "%specbitsmap_ln0 = specbitsmap void @_ssdm_op_SpecBitsMap, i1 %OUTPUT_STREAM_V_last_V"   --->   Operation 47 'specbitsmap' 'specbitsmap_ln0' <Predicate = true> <Delay = 0.00>
ST_13 : Operation 48 [1/1] (0.00ns)   --->   "%specbitsmap_ln0 = specbitsmap void @_ssdm_op_SpecBitsMap, i5 %OUTPUT_STREAM_V_id_V"   --->   Operation 48 'specbitsmap' 'specbitsmap_ln0' <Predicate = true> <Delay = 0.00>
ST_13 : Operation 49 [1/1] (0.00ns)   --->   "%specbitsmap_ln0 = specbitsmap void @_ssdm_op_SpecBitsMap, i5 %OUTPUT_STREAM_V_dest_V"   --->   Operation 49 'specbitsmap' 'specbitsmap_ln0' <Predicate = true> <Delay = 0.00>
ST_13 : Operation 50 [1/1] (0.00ns)   --->   "%specinterface_ln0 = specinterface void @_ssdm_op_SpecInterface, i32 0, void @empty_9, i32 0, i32 0, void @empty, i32 0, i32 0, void @empty_0, void @empty, void @empty, i32 0, i32 0, i32 0, i32 0, void @empty, void @empty, i32 4294967295, i32 0"   --->   Operation 50 'specinterface' 'specinterface_ln0' <Predicate = true> <Delay = 0.00>
ST_13 : Operation 51 [1/1] (0.00ns)   --->   "%empty = specchannel i32 @_ssdm_op_SpecChannel, void @sum_v_str, i32 1, void @p_str, void @p_str, i32 2, i32 2, i32 %sum_v, i32 %sum_v"   --->   Operation 51 'specchannel' 'empty' <Predicate = true> <Delay = 0.00>
ST_13 : Operation 52 [1/1] (0.00ns)   --->   "%specinterface_ln0 = specinterface void @_ssdm_op_SpecInterface, i32 %sum_v, void @empty_5, i32 0, i32 0, void @empty, i32 0, i32 0, void @empty, void @empty, void @empty, i32 0, i32 0, i32 0, i32 0, void @empty, void @empty, i32 4294967295, i32 0"   --->   Operation 52 'specinterface' 'specinterface_ln0' <Predicate = true> <Delay = 0.00>
ST_13 : Operation 53 [1/1] (0.00ns)   --->   "%ret_ln137 = ret" [../Archivos_Fuente/mmult/mmult_accel.cpp:137]   --->   Operation 53 'ret' 'ret_ln137' <Predicate = true> <Delay = 0.00>


============================================================
+ Verbose Summary: Binding
============================================================
STG Binding: 
---------------- STG Properties BEGIN ----------------
- Is combinational: 0
- Is one-state seq: 0
- Is datapath-only: 0
- Is pipelined: 0
- Is top level: 1
Port [ Return ] is wired: 1; IO mode=ap_ctrl_hs:ce=0
Port [ INPUT_STREAM_V_data_V]:  wired=1; compound=1; hidden=0; nouse=0; global=0; static=0; extern=0; dir=0; type=0; pingpong=0; private_global=0; IO mode=axis:ce=0
Port [ INPUT_STREAM_V_keep_V]:  wired=1; compound=1; hidden=0; nouse=0; global=0; static=0; extern=0; dir=0; type=0; pingpong=0; private_global=0; IO mode=axis:ce=0
Port [ INPUT_STREAM_V_strb_V]:  wired=1; compound=1; hidden=0; nouse=0; global=0; static=0; extern=0; dir=0; type=0; pingpong=0; private_global=0; IO mode=axis:ce=0
Port [ INPUT_STREAM_V_user_V]:  wired=1; compound=1; hidden=0; nouse=0; global=0; static=0; extern=0; dir=0; type=0; pingpong=0; private_global=0; IO mode=axis:ce=0
Port [ INPUT_STREAM_V_last_V]:  wired=1; compound=1; hidden=0; nouse=0; global=0; static=0; extern=0; dir=0; type=0; pingpong=0; private_global=0; IO mode=axis:ce=0
Port [ INPUT_STREAM_V_id_V]:  wired=1; compound=1; hidden=0; nouse=0; global=0; static=0; extern=0; dir=0; type=0; pingpong=0; private_global=0; IO mode=axis:ce=0
Port [ INPUT_STREAM_V_dest_V]:  wired=1; compound=1; hidden=0; nouse=0; global=0; static=0; extern=0; dir=0; type=0; pingpong=0; private_global=0; IO mode=axis:ce=0
Port [ OUTPUT_STREAM_V_data_V]:  wired=1; compound=1; hidden=0; nouse=0; global=0; static=0; extern=0; dir=1; type=0; pingpong=0; private_global=0; IO mode=axis:ce=0
Port [ OUTPUT_STREAM_V_keep_V]:  wired=1; compound=1; hidden=0; nouse=0; global=0; static=0; extern=0; dir=1; type=0; pingpong=0; private_global=0; IO mode=axis:ce=0
Port [ OUTPUT_STREAM_V_strb_V]:  wired=1; compound=1; hidden=0; nouse=0; global=0; static=0; extern=0; dir=1; type=0; pingpong=0; private_global=0; IO mode=axis:ce=0
Port [ OUTPUT_STREAM_V_user_V]:  wired=1; compound=1; hidden=0; nouse=0; global=0; static=0; extern=0; dir=1; type=0; pingpong=0; private_global=0; IO mode=axis:ce=0
Port [ OUTPUT_STREAM_V_last_V]:  wired=1; compound=1; hidden=0; nouse=0; global=0; static=0; extern=0; dir=1; type=0; pingpong=0; private_global=0; IO mode=axis:ce=0
Port [ OUTPUT_STREAM_V_id_V]:  wired=1; compound=1; hidden=0; nouse=0; global=0; static=0; extern=0; dir=1; type=0; pingpong=0; private_global=0; IO mode=axis:ce=0
Port [ OUTPUT_STREAM_V_dest_V]:  wired=1; compound=1; hidden=0; nouse=0; global=0; static=0; extern=0; dir=1; type=0; pingpong=0; private_global=0; IO mode=axis:ce=0
---------------- STG Properties END ------------------

---------------- Datapath Model BEGIN ----------------

<LifeTime>
<method=bitvector/>
sum_v              (alloca       ) [ 00111111111111]
a                  (alloca       ) [ 00111111110000]
b                  (alloca       ) [ 00111111110000]
out                (alloca       ) [ 00111111111110]
empty_16           (wait         ) [ 00000000000000]
call_ln0           (call         ) [ 00000000000000]
empty_17           (wait         ) [ 00000000000000]
empty_18           (wait         ) [ 00000000000000]
call_ln0           (call         ) [ 00000000000000]
empty_19           (wait         ) [ 00000000000000]
empty_20           (wait         ) [ 00000000000000]
call_ln0           (call         ) [ 00000000000000]
empty_21           (wait         ) [ 00000000000000]
empty_22           (wait         ) [ 00000000000000]
call_ln0           (call         ) [ 00000000000000]
spectopmodule_ln65 (spectopmodule) [ 00000000000000]
specinterface_ln0  (specinterface) [ 00000000000000]
specbitsmap_ln0    (specbitsmap  ) [ 00000000000000]
specbitsmap_ln0    (specbitsmap  ) [ 00000000000000]
specbitsmap_ln0    (specbitsmap  ) [ 00000000000000]
specbitsmap_ln0    (specbitsmap  ) [ 00000000000000]
specbitsmap_ln0    (specbitsmap  ) [ 00000000000000]
specbitsmap_ln0    (specbitsmap  ) [ 00000000000000]
specbitsmap_ln0    (specbitsmap  ) [ 00000000000000]
specinterface_ln0  (specinterface) [ 00000000000000]
specbitsmap_ln0    (specbitsmap  ) [ 00000000000000]
specbitsmap_ln0    (specbitsmap  ) [ 00000000000000]
specbitsmap_ln0    (specbitsmap  ) [ 00000000000000]
specbitsmap_ln0    (specbitsmap  ) [ 00000000000000]
specbitsmap_ln0    (specbitsmap  ) [ 00000000000000]
specbitsmap_ln0    (specbitsmap  ) [ 00000000000000]
specbitsmap_ln0    (specbitsmap  ) [ 00000000000000]
specinterface_ln0  (specinterface) [ 00000000000000]
empty              (specchannel  ) [ 00000000000000]
specinterface_ln0  (specinterface) [ 00000000000000]
ret_ln137          (ret          ) [ 00000000000000]
</LifeTime>

<model>

<comp_list>
<comp id="0" class="1000" name="INPUT_STREAM_V_data_V">
<pin_list>
<pin id="1" dir="1" index="0" bw="1" slack="0"/>
</pin_list>
<bind>
<StgValue><ssdm name="INPUT_STREAM_V_data_V"/></StgValue>
</bind>
</comp>

<comp id="2" class="1000" name="INPUT_STREAM_V_keep_V">
<pin_list>
<pin id="3" dir="1" index="0" bw="1" slack="0"/>
</pin_list>
<bind>
<StgValue><ssdm name="INPUT_STREAM_V_keep_V"/></StgValue>
</bind>
</comp>

<comp id="4" class="1000" name="INPUT_STREAM_V_strb_V">
<pin_list>
<pin id="5" dir="1" index="0" bw="1" slack="0"/>
</pin_list>
<bind>
<StgValue><ssdm name="INPUT_STREAM_V_strb_V"/></StgValue>
</bind>
</comp>

<comp id="6" class="1000" name="INPUT_STREAM_V_user_V">
<pin_list>
<pin id="7" dir="1" index="0" bw="1" slack="0"/>
</pin_list>
<bind>
<StgValue><ssdm name="INPUT_STREAM_V_user_V"/></StgValue>
</bind>
</comp>

<comp id="8" class="1000" name="INPUT_STREAM_V_last_V">
<pin_list>
<pin id="9" dir="1" index="0" bw="1" slack="0"/>
</pin_list>
<bind>
<StgValue><ssdm name="INPUT_STREAM_V_last_V"/></StgValue>
</bind>
</comp>

<comp id="10" class="1000" name="INPUT_STREAM_V_id_V">
<pin_list>
<pin id="11" dir="1" index="0" bw="1" slack="0"/>
</pin_list>
<bind>
<StgValue><ssdm name="INPUT_STREAM_V_id_V"/></StgValue>
</bind>
</comp>

<comp id="12" class="1000" name="INPUT_STREAM_V_dest_V">
<pin_list>
<pin id="13" dir="1" index="0" bw="1" slack="0"/>
</pin_list>
<bind>
<StgValue><ssdm name="INPUT_STREAM_V_dest_V"/></StgValue>
</bind>
</comp>

<comp id="14" class="1000" name="OUTPUT_STREAM_V_data_V">
<pin_list>
<pin id="15" dir="1" index="0" bw="1" slack="0"/>
</pin_list>
<bind>
<StgValue><ssdm name="OUTPUT_STREAM_V_data_V"/></StgValue>
</bind>
</comp>

<comp id="16" class="1000" name="OUTPUT_STREAM_V_keep_V">
<pin_list>
<pin id="17" dir="1" index="0" bw="1" slack="0"/>
</pin_list>
<bind>
<StgValue><ssdm name="OUTPUT_STREAM_V_keep_V"/></StgValue>
</bind>
</comp>

<comp id="18" class="1000" name="OUTPUT_STREAM_V_strb_V">
<pin_list>
<pin id="19" dir="1" index="0" bw="1" slack="0"/>
</pin_list>
<bind>
<StgValue><ssdm name="OUTPUT_STREAM_V_strb_V"/></StgValue>
</bind>
</comp>

<comp id="20" class="1000" name="OUTPUT_STREAM_V_user_V">
<pin_list>
<pin id="21" dir="1" index="0" bw="1" slack="0"/>
</pin_list>
<bind>
<StgValue><ssdm name="OUTPUT_STREAM_V_user_V"/></StgValue>
</bind>
</comp>

<comp id="22" class="1000" name="OUTPUT_STREAM_V_last_V">
<pin_list>
<pin id="23" dir="1" index="0" bw="1" slack="0"/>
</pin_list>
<bind>
<StgValue><ssdm name="OUTPUT_STREAM_V_last_V"/></StgValue>
</bind>
</comp>

<comp id="24" class="1000" name="OUTPUT_STREAM_V_id_V">
<pin_list>
<pin id="25" dir="1" index="0" bw="1" slack="0"/>
</pin_list>
<bind>
<StgValue><ssdm name="OUTPUT_STREAM_V_id_V"/></StgValue>
</bind>
</comp>

<comp id="26" class="1000" name="OUTPUT_STREAM_V_dest_V">
<pin_list>
<pin id="27" dir="1" index="0" bw="1" slack="0"/>
</pin_list>
<bind>
<StgValue><ssdm name="OUTPUT_STREAM_V_dest_V"/></StgValue>
</bind>
</comp>

<comp id="28" class="1001" name="const_28">
<pin_list>
<pin id="29" dir="1" index="0" bw="1" slack="0"/>
</pin_list>
<bind>
<StgValue><ssdm name=""/></StgValue>
</bind>
</comp>

<comp id="30" class="1001" name="const_30">
<pin_list>
<pin id="31" dir="1" index="0" bw="1" slack="2147483647"/>
</pin_list>
<bind>
<StgValue><ssdm name="_ssdm_op_Wait"/></StgValue>
</bind>
</comp>

<comp id="32" class="1001" name="const_32">
<pin_list>
<pin id="33" dir="1" index="0" bw="1" slack="0"/>
</pin_list>
<bind>
<StgValue><ssdm name="mmult_hw_wrapped_Pipeline_VITIS_LOOP_83_1_VITIS_LOOP_84_2"/></StgValue>
</bind>
</comp>

<comp id="34" class="1001" name="const_34">
<pin_list>
<pin id="35" dir="1" index="0" bw="1" slack="0"/>
</pin_list>
<bind>
<StgValue><ssdm name="mmult_hw_wrapped_Pipeline_VITIS_LOOP_96_4_VITIS_LOOP_97_5"/></StgValue>
</bind>
</comp>

<comp id="36" class="1001" name="const_36">
<pin_list>
<pin id="37" dir="1" index="0" bw="1" slack="0"/>
</pin_list>
<bind>
<StgValue><ssdm name="mmult_hw_wrapped_Pipeline_L1_L2"/></StgValue>
</bind>
</comp>

<comp id="38" class="1001" name="const_38">
<pin_list>
<pin id="39" dir="1" index="0" bw="1" slack="0"/>
</pin_list>
<bind>
<StgValue><ssdm name="mmult_hw_wrapped_Pipeline_VITIS_LOOP_113_7_VITIS_LOOP_114_8"/></StgValue>
</bind>
</comp>

<comp id="40" class="1001" name="const_40">
<pin_list>
<pin id="41" dir="1" index="0" bw="1" slack="2147483647"/>
</pin_list>
<bind>
<StgValue><ssdm name="_ssdm_op_SpecTopModule"/></StgValue>
</bind>
</comp>

<comp id="42" class="1001" name="const_42">
<pin_list>
<pin id="43" dir="1" index="0" bw="1" slack="2147483647"/>
</pin_list>
<bind>
<StgValue><ssdm name="empty_4"/></StgValue>
</bind>
</comp>

<comp id="44" class="1001" name="const_44">
<pin_list>
<pin id="45" dir="1" index="0" bw="1" slack="2147483647"/>
</pin_list>
<bind>
<StgValue><ssdm name="_ssdm_op_SpecInterface"/></StgValue>
</bind>
</comp>

<comp id="46" class="1001" name="const_46">
<pin_list>
<pin id="47" dir="1" index="0" bw="1" slack="2147483647"/>
</pin_list>
<bind>
<StgValue><ssdm name="empty_2"/></StgValue>
</bind>
</comp>

<comp id="48" class="1001" name="const_48">
<pin_list>
<pin id="49" dir="1" index="0" bw="1" slack="2147483647"/>
</pin_list>
<bind>
<StgValue><ssdm name=""/></StgValue>
</bind>
</comp>

<comp id="50" class="1001" name="const_50">
<pin_list>
<pin id="51" dir="1" index="0" bw="1" slack="2147483647"/>
</pin_list>
<bind>
<StgValue><ssdm name="empty_1"/></StgValue>
</bind>
</comp>

<comp id="52" class="1001" name="const_52">
<pin_list>
<pin id="53" dir="1" index="0" bw="1" slack="2147483647"/>
</pin_list>
<bind>
<StgValue><ssdm name=""/></StgValue>
</bind>
</comp>

<comp id="54" class="1001" name="const_54">
<pin_list>
<pin id="55" dir="1" index="0" bw="1" slack="2147483647"/>
</pin_list>
<bind>
<StgValue><ssdm name="empty"/></StgValue>
</bind>
</comp>

<comp id="56" class="1001" name="const_56">
<pin_list>
<pin id="57" dir="1" index="0" bw="1" slack="2147483647"/>
</pin_list>
<bind>
<StgValue><ssdm name=""/></StgValue>
</bind>
</comp>

<comp id="58" class="1001" name="const_58">
<pin_list>
<pin id="59" dir="1" index="0" bw="1" slack="2147483647"/>
</pin_list>
<bind>
<StgValue><ssdm name="_ssdm_op_SpecBitsMap"/></StgValue>
</bind>
</comp>

<comp id="60" class="1001" name="const_60">
<pin_list>
<pin id="61" dir="1" index="0" bw="1" slack="2147483647"/>
</pin_list>
<bind>
<StgValue><ssdm name="empty_9"/></StgValue>
</bind>
</comp>

<comp id="62" class="1001" name="const_62">
<pin_list>
<pin id="63" dir="1" index="0" bw="1" slack="2147483647"/>
</pin_list>
<bind>
<StgValue><ssdm name="empty_0"/></StgValue>
</bind>
</comp>

<comp id="64" class="1001" name="const_64">
<pin_list>
<pin id="65" dir="1" index="0" bw="1" slack="2147483647"/>
</pin_list>
<bind>
<StgValue><ssdm name="_ssdm_op_SpecChannel"/></StgValue>
</bind>
</comp>

<comp id="66" class="1001" name="const_66">
<pin_list>
<pin id="67" dir="1" index="0" bw="1" slack="2147483647"/>
</pin_list>
<bind>
<StgValue><ssdm name="sum_v_str"/></StgValue>
</bind>
</comp>

<comp id="68" class="1001" name="const_68">
<pin_list>
<pin id="69" dir="1" index="0" bw="1" slack="2147483647"/>
</pin_list>
<bind>
<StgValue><ssdm name="p_str"/></StgValue>
</bind>
</comp>

<comp id="70" class="1001" name="const_70">
<pin_list>
<pin id="71" dir="1" index="0" bw="1" slack="2147483647"/>
</pin_list>
<bind>
<StgValue><ssdm name=""/></StgValue>
</bind>
</comp>

<comp id="72" class="1001" name="const_72">
<pin_list>
<pin id="73" dir="1" index="0" bw="1" slack="2147483647"/>
</pin_list>
<bind>
<StgValue><ssdm name="empty_5"/></StgValue>
</bind>
</comp>

<comp id="74" class="1004" name="sum_v_fu_74">
<pin_list>
<pin id="75" dir="0" index="0" bw="1" slack="0"/>
<pin id="76" dir="1" index="1" bw="32" slack="7"/>
</pin_list>
<bind>
<opcode="alloca(26) " fcode="alloca"/>
<opset="sum_v/1 "/>
</bind>
</comp>

<comp id="78" class="1004" name="a_alloca_fu_78">
<pin_list>
<pin id="79" dir="0" index="0" bw="1" slack="0"/>
<pin id="80" dir="1" index="1" bw="32" slack="2147483647"/>
</pin_list>
<bind>
<opcode="alloca(26) " fcode="alloca"/>
<opset="a/1 "/>
</bind>
</comp>

<comp id="82" class="1004" name="b_alloca_fu_82">
<pin_list>
<pin id="83" dir="0" index="0" bw="1" slack="0"/>
<pin id="84" dir="1" index="1" bw="32" slack="2147483647"/>
</pin_list>
<bind>
<opcode="alloca(26) " fcode="alloca"/>
<opset="b/1 "/>
</bind>
</comp>

<comp id="86" class="1004" name="out_alloca_fu_86">
<pin_list>
<pin id="87" dir="0" index="0" bw="1" slack="0"/>
<pin id="88" dir="1" index="1" bw="32" slack="2147483647"/>
</pin_list>
<bind>
<opcode="alloca(26) " fcode="alloca"/>
<opset="out/1 "/>
</bind>
</comp>

<comp id="90" class="1004" name="grp_mmult_hw_wrapped_Pipeline_VITIS_LOOP_83_1_VITIS_LOOP_84_2_fu_90">
<pin_list>
<pin id="91" dir="0" index="0" bw="0" slack="0"/>
<pin id="92" dir="0" index="1" bw="32" slack="2147483647"/>
<pin id="93" dir="0" index="2" bw="32" slack="0"/>
<pin id="94" dir="0" index="3" bw="4" slack="0"/>
<pin id="95" dir="0" index="4" bw="4" slack="0"/>
<pin id="96" dir="0" index="5" bw="4" slack="0"/>
<pin id="97" dir="0" index="6" bw="1" slack="0"/>
<pin id="98" dir="0" index="7" bw="5" slack="0"/>
<pin id="99" dir="0" index="8" bw="5" slack="0"/>
<pin id="100" dir="1" index="9" bw="0" slack="2147483647"/>
</pin_list>
<bind>
<opcode="call(48) " fcode="call"/>
<opset="call_ln0/2 "/>
</bind>
</comp>

<comp id="109" class="1004" name="grp_mmult_hw_wrapped_Pipeline_VITIS_LOOP_96_4_VITIS_LOOP_97_5_fu_109">
<pin_list>
<pin id="110" dir="0" index="0" bw="0" slack="0"/>
<pin id="111" dir="0" index="1" bw="32" slack="2147483647"/>
<pin id="112" dir="0" index="2" bw="32" slack="0"/>
<pin id="113" dir="0" index="3" bw="4" slack="0"/>
<pin id="114" dir="0" index="4" bw="4" slack="0"/>
<pin id="115" dir="0" index="5" bw="4" slack="0"/>
<pin id="116" dir="0" index="6" bw="1" slack="0"/>
<pin id="117" dir="0" index="7" bw="5" slack="0"/>
<pin id="118" dir="0" index="8" bw="5" slack="0"/>
<pin id="119" dir="1" index="9" bw="0" slack="2147483647"/>
</pin_list>
<bind>
<opcode="call(48) " fcode="call"/>
<opset="call_ln0/5 "/>
</bind>
</comp>

<comp id="128" class="1004" name="grp_mmult_hw_wrapped_Pipeline_L1_L2_fu_128">
<pin_list>
<pin id="129" dir="0" index="0" bw="0" slack="0"/>
<pin id="130" dir="0" index="1" bw="32" slack="2147483647"/>
<pin id="131" dir="0" index="2" bw="32" slack="2147483647"/>
<pin id="132" dir="0" index="3" bw="32" slack="2147483647"/>
<pin id="133" dir="0" index="4" bw="32" slack="7"/>
<pin id="134" dir="1" index="5" bw="0" slack="2147483647"/>
</pin_list>
<bind>
<opcode="call(48) " fcode="call"/>
<opset="call_ln0/8 "/>
</bind>
</comp>

<comp id="136" class="1004" name="grp_mmult_hw_wrapped_Pipeline_VITIS_LOOP_113_7_VITIS_LOOP_114_8_fu_136">
<pin_list>
<pin id="137" dir="0" index="0" bw="0" slack="0"/>
<pin id="138" dir="0" index="1" bw="32" slack="2147483647"/>
<pin id="139" dir="0" index="2" bw="32" slack="0"/>
<pin id="140" dir="0" index="3" bw="4" slack="0"/>
<pin id="141" dir="0" index="4" bw="4" slack="0"/>
<pin id="142" dir="0" index="5" bw="4" slack="0"/>
<pin id="143" dir="0" index="6" bw="1" slack="0"/>
<pin id="144" dir="0" index="7" bw="5" slack="0"/>
<pin id="145" dir="0" index="8" bw="5" slack="0"/>
<pin id="146" dir="1" index="9" bw="0" slack="2147483647"/>
</pin_list>
<bind>
<opcode="call(48) " fcode="call"/>
<opset="call_ln0/11 "/>
</bind>
</comp>

<comp id="155" class="1005" name="sum_v_reg_155">
<pin_list>
<pin id="156" dir="0" index="0" bw="32" slack="7"/>
<pin id="157" dir="1" index="1" bw="32" slack="7"/>
</pin_list>
<bind>
<opset="sum_v "/>
</bind>
</comp>

</comp_list>

<net_list>
<net id="77"><net_src comp="28" pin="0"/><net_sink comp="74" pin=0"/></net>

<net id="81"><net_src comp="28" pin="0"/><net_sink comp="78" pin=0"/></net>

<net id="85"><net_src comp="28" pin="0"/><net_sink comp="82" pin=0"/></net>

<net id="89"><net_src comp="28" pin="0"/><net_sink comp="86" pin=0"/></net>

<net id="101"><net_src comp="32" pin="0"/><net_sink comp="90" pin=0"/></net>

<net id="102"><net_src comp="0" pin="0"/><net_sink comp="90" pin=2"/></net>

<net id="103"><net_src comp="2" pin="0"/><net_sink comp="90" pin=3"/></net>

<net id="104"><net_src comp="4" pin="0"/><net_sink comp="90" pin=4"/></net>

<net id="105"><net_src comp="6" pin="0"/><net_sink comp="90" pin=5"/></net>

<net id="106"><net_src comp="8" pin="0"/><net_sink comp="90" pin=6"/></net>

<net id="107"><net_src comp="10" pin="0"/><net_sink comp="90" pin=7"/></net>

<net id="108"><net_src comp="12" pin="0"/><net_sink comp="90" pin=8"/></net>

<net id="120"><net_src comp="34" pin="0"/><net_sink comp="109" pin=0"/></net>

<net id="121"><net_src comp="0" pin="0"/><net_sink comp="109" pin=2"/></net>

<net id="122"><net_src comp="2" pin="0"/><net_sink comp="109" pin=3"/></net>

<net id="123"><net_src comp="4" pin="0"/><net_sink comp="109" pin=4"/></net>

<net id="124"><net_src comp="6" pin="0"/><net_sink comp="109" pin=5"/></net>

<net id="125"><net_src comp="8" pin="0"/><net_sink comp="109" pin=6"/></net>

<net id="126"><net_src comp="10" pin="0"/><net_sink comp="109" pin=7"/></net>

<net id="127"><net_src comp="12" pin="0"/><net_sink comp="109" pin=8"/></net>

<net id="135"><net_src comp="36" pin="0"/><net_sink comp="128" pin=0"/></net>

<net id="147"><net_src comp="38" pin="0"/><net_sink comp="136" pin=0"/></net>

<net id="148"><net_src comp="14" pin="0"/><net_sink comp="136" pin=2"/></net>

<net id="149"><net_src comp="16" pin="0"/><net_sink comp="136" pin=3"/></net>

<net id="150"><net_src comp="18" pin="0"/><net_sink comp="136" pin=4"/></net>

<net id="151"><net_src comp="20" pin="0"/><net_sink comp="136" pin=5"/></net>

<net id="152"><net_src comp="22" pin="0"/><net_sink comp="136" pin=6"/></net>

<net id="153"><net_src comp="24" pin="0"/><net_sink comp="136" pin=7"/></net>

<net id="154"><net_src comp="26" pin="0"/><net_sink comp="136" pin=8"/></net>

<net id="158"><net_src comp="74" pin="1"/><net_sink comp="155" pin=0"/></net>

<net id="159"><net_src comp="155" pin="1"/><net_sink comp="128" pin=4"/></net>

</net_list>

</model> 
---------------- Datapath Model END ------------------

* FSMD analyzer results:
  - Output states:
	Port: OUTPUT_STREAM_V_data_V | {11 12 }
	Port: OUTPUT_STREAM_V_keep_V | {11 12 }
	Port: OUTPUT_STREAM_V_strb_V | {11 12 }
	Port: OUTPUT_STREAM_V_user_V | {11 12 }
	Port: OUTPUT_STREAM_V_last_V | {11 12 }
	Port: OUTPUT_STREAM_V_id_V | {11 12 }
	Port: OUTPUT_STREAM_V_dest_V | {11 12 }
 - Input state : 
	Port: mmult_hw_wrapped : INPUT_STREAM_V_data_V | {2 3 5 6 }
	Port: mmult_hw_wrapped : INPUT_STREAM_V_keep_V | {2 3 5 6 }
	Port: mmult_hw_wrapped : INPUT_STREAM_V_strb_V | {2 3 5 6 }
	Port: mmult_hw_wrapped : INPUT_STREAM_V_user_V | {2 3 5 6 }
	Port: mmult_hw_wrapped : INPUT_STREAM_V_last_V | {2 3 5 6 }
	Port: mmult_hw_wrapped : INPUT_STREAM_V_id_V | {2 3 5 6 }
	Port: mmult_hw_wrapped : INPUT_STREAM_V_dest_V | {2 3 5 6 }
  - Chain level:
	State 1
	State 2
	State 3
	State 4
	State 5
	State 6
	State 7
	State 8
	State 9
	State 10
	State 11
	State 12
	State 13


============================================================
+ Verbose Summary: Datapath Resource usage 
============================================================

* Functional unit list:
|----------|------------------------------------------------------------------------|---------|---------|---------|---------|
| Operation|                             Functional Unit                            |   DSP   |  Delay  |    FF   |   LUT   |
|----------|------------------------------------------------------------------------|---------|---------|---------|---------|
|          |   grp_mmult_hw_wrapped_Pipeline_VITIS_LOOP_83_1_VITIS_LOOP_84_2_fu_90  |    0    |    0    |    23   |    94   |
|   call   |  grp_mmult_hw_wrapped_Pipeline_VITIS_LOOP_96_4_VITIS_LOOP_97_5_fu_109  |    0    |    0    |    23   |    94   |
|          |               grp_mmult_hw_wrapped_Pipeline_L1_L2_fu_128               |    5    | 5.75307 |   3364  |   1652  |
|          | grp_mmult_hw_wrapped_Pipeline_VITIS_LOOP_113_7_VITIS_LOOP_114_8_fu_136 |    0    |  0.489  |    34   |   137   |
|----------|------------------------------------------------------------------------|---------|---------|---------|---------|
|   Total  |                                                                        |    5    | 6.24207 |   3444  |   1977  |
|----------|------------------------------------------------------------------------|---------|---------|---------|---------|

Memories:
+----+--------+--------+--------+--------+
|    |  BRAM  |   FF   |   LUT  |  URAM  |
+----+--------+--------+--------+--------+
|  a |    2   |    0   |    0   |    0   |
|  b |    2   |    0   |    0   |    0   |
| out|    2   |    0   |    0   |    0   |
+----+--------+--------+--------+--------+
|Total|    6   |    0   |    0   |    0   |
+----+--------+--------+--------+--------+

* Register list:
+-------------+--------+
|             |   FF   |
+-------------+--------+
|sum_v_reg_155|   32   |
+-------------+--------+
|    Total    |   32   |
+-------------+--------+

* Multiplexer (MUX) list: 
|--------|------|------|------|--------|
|  Comp  |  Pin | Size |  BW  | S x BW |
|--------|------|------|------|--------|
|  Total |      |      |      |    0   |
|--------|------|------|------|--------|



* Summary:
+-----------+--------+--------+--------+--------+--------+--------+
|           |  BRAM  |   DSP  |  Delay |   FF   |   LUT  |  URAM  |
+-----------+--------+--------+--------+--------+--------+--------+
|  Function |    -   |    5   |    6   |  3444  |  1977  |    -   |
|   Memory  |    6   |    -   |    -   |    0   |    0   |    0   |
|Multiplexer|    -   |    -   |    -   |    -   |    -   |    -   |
|  Register |    -   |    -   |    -   |   32   |    -   |    -   |
+-----------+--------+--------+--------+--------+--------+--------+
|   Total   |    6   |    5   |    6   |  3476  |  1977  |    0   |
+-----------+--------+--------+--------+--------+--------+--------+
